C:\Users\Familia\Documents\Especialidad_ITESO\Semestre_1\Redes_comunicacion\K64F_Practices\FRDM-K64F_Sandbox\drivers/fsl_enet.h:1187:20:ENET_ActiveRead	16	static
C:\Users\Familia\Documents\Especialidad_ITESO\Semestre_1\Redes_comunicacion\K64F_Practices\FRDM-K64F_Sandbox\phy/fsl_phy.h:147:24:PHY_Init	16	static
C:\Users\Familia\Documents\Especialidad_ITESO\Semestre_1\Redes_comunicacion\K64F_Practices\FRDM-K64F_Sandbox\phy/fsl_phy.h:191:24:PHY_GetAutoNegotiationStatus	16	static
C:\Users\Familia\Documents\Especialidad_ITESO\Semestre_1\Redes_comunicacion\K64F_Practices\FRDM-K64F_Sandbox\phy/fsl_phy.h:206:24:PHY_GetLinkStatus	16	static
C:\Users\Familia\Documents\Especialidad_ITESO\Semestre_1\Redes_comunicacion\K64F_Practices\FRDM-K64F_Sandbox\phy/fsl_phy.h:223:24:PHY_GetLinkSpeedDuplex	24	static
C:\Users\Familia\Documents\Especialidad_ITESO\Semestre_1\Redes_comunicacion\K64F_Practices\FRDM-K64F_Sandbox\drivers/fsl_sysmpu.h:268:20:SYSMPU_Enable	16	static
../source/enet_txrx_transfer.c:95:13:ENET_BuildBroadCastFrame	16	static
../source/enet_txrx_transfer.c:117:5:main	200	static
